// Jest Snapshot v1, https://goo.gl/fbAQLP

exports[`test ROBOTPLACEMENT component renders RobotPlacement component 1`] = `
<DocumentFragment>
  <div
    class="robot-placement-section"
  >
    <h4>
      Robot Placement
    </h4>
    <input
      class="ant-input input-xAxis"
      data-testid="x-axis-test"
      id="input-xAxis"
      placeholder="x-axis position"
      type="text"
      value=""
    />
    <input
      class="ant-input input-yAxis"
      data-testid="y-axis-test"
      id="input-yAxis"
      placeholder="y-axis position"
      type="text"
      value=""
    />
    <div
      class="select-position ant-select ant-select-enabled"
      id="select-position"
    >
      <div
        aria-autocomplete="list"
        aria-controls="test-uuid"
        aria-expanded="false"
        aria-haspopup="true"
        class="ant-select-selection
            ant-select-selection--single"
        data-testid="direction-test"
        role="combobox"
        tabindex="0"
      >
        <div
          class="ant-select-selection__rendered"
        >
          <div
            class="ant-select-selection__placeholder"
            style="display: block; user-select: none;"
            unselectable="on"
          >
            ex. North
          </div>
        </div>
        <span
          class="ant-select-arrow"
          style="user-select: none;"
          unselectable="on"
        >
          <i
            aria-label="icon: down"
            class="anticon anticon-down ant-select-arrow-icon"
          >
            <svg
              aria-hidden="true"
              class=""
              data-icon="down"
              fill="currentColor"
              focusable="false"
              height="1em"
              viewBox="64 64 896 896"
              width="1em"
            >
              <path
                d="M884 256h-75c-5.1 0-9.9 2.5-12.9 6.6L512 654.2 227.9 262.6c-3-4.1-7.8-6.6-12.9-6.6h-75c-6.5 0-10.3 7.4-6.5 12.7l352.6 486.1c12.8 17.6 39 17.6 51.7 0l352.6-486.1c3.9-5.3.1-12.7-6.4-12.7z"
              />
            </svg>
          </i>
        </span>
      </div>
    </div>
    <button
      class="ant-btn place-robot-btn ant-btn-primary"
      data-testid="place-robot-test"
      type="button"
    >
      <span>
        PLACE
      </span>
    </button>
  </div>
</DocumentFragment>
`;
